[
['IMPORT', 'import', 0]
['SPECIAL', '{', 7]
['IDENTIFIER', 'printf', 9]
['SPECIAL', '}', 16]
['FROM', 'from', 18]
['STRING', '<libc>', 23]
['NEWLINE', '\n', 31]
['IMPORT', 'import', 32]
['SPECIAL', '{', 39]
['NEWLINE', '\n', 40]
['IDENTIFIER', 'NORMAL_ARRAY_BYTE_OFFSET', 42]
['SPECIAL', ',', 66]
['NEWLINE', '\n', 184]
['IDENTIFIER', 'value_at', 186]
['NEWLINE', '\n', 195]
['SPECIAL', '}', 196]
['FROM', 'from', 198]
['STRING', 'temp-utils', 203]
['NEWLINE', '\n', 215]
['NEWLINE', '\n', 216]
['CONST', 'const', 217]
['IDENTIFIER', 'main', 223]
['ASSIGNMENT', '=', 228]
['SPECIAL', '(', 230]
['IDENTIFIER', 'argc', 231]
['SPECIAL', ',', 235]
['IDENTIFIER', 'argv', 237]
['SPECIAL', ')', 241]
['ARROW_FUNC', '=>', 243]
['SPECIAL', '{', 246]
['NEWLINE', '\n', 247]
['LET', 'let', 249]
['IDENTIFIER', 'i', 253]
['ASSIGNMENT', '=', 255]
['INTEGER', '0', 257]
['NEWLINE', '\n', 258]
['LET', 'let', 260]
['IDENTIFIER', 'arg', 264]
['NEWLINE', '\n', 267]
['NEWLINE', '\n', 268]
['IDENTIFIER', 'printf', 270]
['SPECIAL', '(', 276]
['STRING', 'argc = %i\n', 277]
['SPECIAL', ',', 290]
['IDENTIFIER', 'argc', 292]
['SPECIAL', ')', 296]
['NEWLINE', '\n', 297]
['NEWLINE', '\n', 298]
['LOOPING_KEYWD', 'while', 300]
['SPECIAL', '(', 306]
['IDENTIFIER', 'i', 307]
['COMPARISON_OP', '<', 309]
['IDENTIFIER', 'argc', 311]
['SPECIAL', ')', 315]
['NEWLINE', '\n', 316]
['SPECIAL', '{', 318]
['NEWLINE', '\n', 319]
['NEWLINE', '\n', 360]
['NEWLINE', '\n', 400]
['IDENTIFIER', 'arg', 403]
['ASSIGNMENT', '=', 407]
['IDENTIFIER', 'value_at', 409]
['SPECIAL', '(', 417]
['IDENTIFIER', 'argv', 418]
['SPECIAL', ',', 422]
['IDENTIFIER', 'i', 424]
['SPECIAL', ')', 425]
['NEWLINE', '\n', 486]
['IDENTIFIER', 'printf', 489]
['SPECIAL', '(', 495]
['STRING', 'argv[%i] = %s\n', 496]
['SPECIAL', ',', 513]
['IDENTIFIER', 'i', 515]
['SPECIAL', ',', 516]
['IDENTIFIER', 'arg', 518]
['SPECIAL', ')', 521]
['NEWLINE', '\n', 522]
['IDENTIFIER', 'i', 525]
['OPERATOR', '+', 526]
['ASSIGNMENT', '=', 527]
['INTEGER', '1', 528]
['NEWLINE', '\n', 529]
['SPECIAL', '}', 531]
['NEWLINE', '\n', 532]
['NEWLINE', '\n', 533]
['RETURN', 'return', 535]
['INTEGER', '0', 542]
['NEWLINE', '\n', 543]
['SPECIAL', '}', 544]
['NEWLINE', '\n', 545]
['NEWLINE', '\n', 546]
['EXPORT', 'export', 547]
['SPECIAL', '{', 554]
['IDENTIFIER', 'main', 556]
['SPECIAL', '}', 561]
['EOF', 'Reached End of File', 562]
]